 * Serving Flask app 'app.py' (lazy loading)
 * Environment: development
 * Debug mode: on
